// Jest Snapshot v1, https://goo.gl/fbAQLP

exports[`Paginator renders correctly (snapshot) 1`] = `
<div
  className="rsdt rsdt-paginate"
>
  <Memo(PaginatorItem)
    active={false}
    key="<<"
    onPageChange={[MockFunction]}
    text="<<"
    value={1}
  />
  <Memo(PaginatorItem)
    active={false}
    key="<"
    onPageChange={[MockFunction]}
    text="<"
    value={2}
  />
  <Memo(PaginatorItem)
    active={false}
    key="1"
    onPageChange={[MockFunction]}
    text="1"
    value={1}
  />
  <Memo(PaginatorItem)
    active={false}
    key="2"
    onPageChange={[MockFunction]}
    text="2"
    value={2}
  />
  <Memo(PaginatorItem)
    active={true}
    key="3"
    onPageChange={[MockFunction]}
    text="3"
    value={3}
  />
  <Memo(PaginatorItem)
    active={false}
    key="4"
    onPageChange={[MockFunction]}
    text="4"
    value={4}
  />
  <Memo(PaginatorItem)
    active={false}
    key="ellipsis-6"
    onPageChange={[MockFunction]}
    text="..."
  />
  <Memo(PaginatorItem)
    active={false}
    key="10"
    onPageChange={[MockFunction]}
    text="10"
    value={10}
  />
  <Memo(PaginatorItem)
    active={false}
    key=">"
    onPageChange={[MockFunction]}
    text=">"
    value={4}
  />
  <Memo(PaginatorItem)
    active={false}
    key=">>"
    onPageChange={[MockFunction]}
    text=">>"
    value={10}
  />
</div>
`;
